Archive member included to satisfy reference by file (symbol)

C:/ST/STM32CubeIDE_1.14.1/STM32CubeIDE/plugins/com.st.stm32cube.ide.mcu.externaltools.gnu-tools-for-stm32.13.3.rel1.win32_1.0.0.202411081344/tools/bin/../lib/gcc/arm-none-eabi/13.3.1/../../../../arm-none-eabi/lib/thumb/v7-m/nofp\libc_nano.a(libc_a-exit.o)
                              C:/ST/STM32CubeIDE_1.14.1/STM32CubeIDE/plugins/com.st.stm32cube.ide.mcu.externaltools.gnu-tools-for-stm32.13.3.rel1.win32_1.0.0.202411081344/tools/bin/../lib/gcc/arm-none-eabi/13.3.1/../../../../arm-none-eabi/lib/thumb/v7-m/nofp/crt0.o (exit)
C:/ST/STM32CubeIDE_1.14.1/STM32CubeIDE/plugins/com.st.stm32cube.ide.mcu.externaltools.gnu-tools-for-stm32.13.3.rel1.win32_1.0.0.202411081344/tools/bin/../lib/gcc/arm-none-eabi/13.3.1/../../../../arm-none-eabi/lib/thumb/v7-m/nofp\libc_nano.a(libc_a-findfp.o)
                              C:/ST/STM32CubeIDE_1.14.1/STM32CubeIDE/plugins/com.st.stm32cube.ide.mcu.externaltools.gnu-tools-for-stm32.13.3.rel1.win32_1.0.0.202411081344/tools/bin/../lib/gcc/arm-none-eabi/13.3.1/../../../../arm-none-eabi/lib/thumb/v7-m/nofp\libc_nano.a(libc_a-exit.o) (__stdio_exit_handler)
C:/ST/STM32CubeIDE_1.14.1/STM32CubeIDE/plugins/com.st.stm32cube.ide.mcu.externaltools.gnu-tools-for-stm32.13.3.rel1.win32_1.0.0.202411081344/tools/bin/../lib/gcc/arm-none-eabi/13.3.1/../../../../arm-none-eabi/lib/thumb/v7-m/nofp\libc_nano.a(libc_a-fwalk.o)
                              C:/ST/STM32CubeIDE_1.14.1/STM32CubeIDE/plugins/com.st.stm32cube.ide.mcu.externaltools.gnu-tools-for-stm32.13.3.rel1.win32_1.0.0.202411081344/tools/bin/../lib/gcc/arm-none-eabi/13.3.1/../../../../arm-none-eabi/lib/thumb/v7-m/nofp\libc_nano.a(libc_a-findfp.o) (_fwalk_sglue)
C:/ST/STM32CubeIDE_1.14.1/STM32CubeIDE/plugins/com.st.stm32cube.ide.mcu.externaltools.gnu-tools-for-stm32.13.3.rel1.win32_1.0.0.202411081344/tools/bin/../lib/gcc/arm-none-eabi/13.3.1/../../../../arm-none-eabi/lib/thumb/v7-m/nofp\libc_nano.a(libc_a-stdio.o)
                              C:/ST/STM32CubeIDE_1.14.1/STM32CubeIDE/plugins/com.st.stm32cube.ide.mcu.externaltools.gnu-tools-for-stm32.13.3.rel1.win32_1.0.0.202411081344/tools/bin/../lib/gcc/arm-none-eabi/13.3.1/../../../../arm-none-eabi/lib/thumb/v7-m/nofp\libc_nano.a(libc_a-findfp.o) (__sread)
C:/ST/STM32CubeIDE_1.14.1/STM32CubeIDE/plugins/com.st.stm32cube.ide.mcu.externaltools.gnu-tools-for-stm32.13.3.rel1.win32_1.0.0.202411081344/tools/bin/../lib/gcc/arm-none-eabi/13.3.1/../../../../arm-none-eabi/lib/thumb/v7-m/nofp\libc_nano.a(libc_a-memset.o)
                              C:/ST/STM32CubeIDE_1.14.1/STM32CubeIDE/plugins/com.st.stm32cube.ide.mcu.externaltools.gnu-tools-for-stm32.13.3.rel1.win32_1.0.0.202411081344/tools/bin/../lib/gcc/arm-none-eabi/13.3.1/../../../../arm-none-eabi/lib/thumb/v7-m/nofp/crt0.o (memset)
C:/ST/STM32CubeIDE_1.14.1/STM32CubeIDE/plugins/com.st.stm32cube.ide.mcu.externaltools.gnu-tools-for-stm32.13.3.rel1.win32_1.0.0.202411081344/tools/bin/../lib/gcc/arm-none-eabi/13.3.1/../../../../arm-none-eabi/lib/thumb/v7-m/nofp\libc_nano.a(libc_a-closer.o)
                              C:/ST/STM32CubeIDE_1.14.1/STM32CubeIDE/plugins/com.st.stm32cube.ide.mcu.externaltools.gnu-tools-for-stm32.13.3.rel1.win32_1.0.0.202411081344/tools/bin/../lib/gcc/arm-none-eabi/13.3.1/../../../../arm-none-eabi/lib/thumb/v7-m/nofp\libc_nano.a(libc_a-stdio.o) (_close_r)
C:/ST/STM32CubeIDE_1.14.1/STM32CubeIDE/plugins/com.st.stm32cube.ide.mcu.externaltools.gnu-tools-for-stm32.13.3.rel1.win32_1.0.0.202411081344/tools/bin/../lib/gcc/arm-none-eabi/13.3.1/../../../../arm-none-eabi/lib/thumb/v7-m/nofp\libc_nano.a(libc_a-reent.o)
                              C:/ST/STM32CubeIDE_1.14.1/STM32CubeIDE/plugins/com.st.stm32cube.ide.mcu.externaltools.gnu-tools-for-stm32.13.3.rel1.win32_1.0.0.202411081344/tools/bin/../lib/gcc/arm-none-eabi/13.3.1/../../../../arm-none-eabi/lib/thumb/v7-m/nofp\libc_nano.a(libc_a-closer.o) (errno)
C:/ST/STM32CubeIDE_1.14.1/STM32CubeIDE/plugins/com.st.stm32cube.ide.mcu.externaltools.gnu-tools-for-stm32.13.3.rel1.win32_1.0.0.202411081344/tools/bin/../lib/gcc/arm-none-eabi/13.3.1/../../../../arm-none-eabi/lib/thumb/v7-m/nofp\libc_nano.a(libc_a-impure.o)
                              C:/ST/STM32CubeIDE_1.14.1/STM32CubeIDE/plugins/com.st.stm32cube.ide.mcu.externaltools.gnu-tools-for-stm32.13.3.rel1.win32_1.0.0.202411081344/tools/bin/../lib/gcc/arm-none-eabi/13.3.1/../../../../arm-none-eabi/lib/thumb/v7-m/nofp\libc_nano.a(libc_a-reent.o) (_impure_ptr)
C:/ST/STM32CubeIDE_1.14.1/STM32CubeIDE/plugins/com.st.stm32cube.ide.mcu.externaltools.gnu-tools-for-stm32.13.3.rel1.win32_1.0.0.202411081344/tools/bin/../lib/gcc/arm-none-eabi/13.3.1/../../../../arm-none-eabi/lib/thumb/v7-m/nofp\libc_nano.a(libc_a-lseekr.o)
[...]
Memory Configuration

Name             Origin             Length             Attributes
RAM              0x20000000         0x00005000         xrw
FLASH            0x08000000         0x00010000         xr
*default*        0x00000000         0xffffffff

Linker script and memory map

LOAD C:/ST/STM32CubeIDE_1.14.1/STM32CubeIDE/plugins/com.st.stm32cube.ide.mcu.externaltools.gnu-tools-for-stm32.13.3.rel1.win32_1.0.0.202411081344/tools/bin/../lib/gcc/arm-none-eabi/13.3.1/thumb/v7-m/nofp/crti.o
LOAD C:/ST/STM32CubeIDE_1.14.1/STM32CubeIDE/plugins/com.st.stm32cube.ide.mcu.externaltools.gnu-tools-for-stm32.13.3.rel1.win32_1.0.0.202411081344/tools/bin/../lib/gcc/arm-none-eabi/13.3.1/thumb/v7-m/nofp/crtbegin.o
LOAD C:/ST/STM32CubeIDE_1.14.1/STM32CubeIDE/plugins/com.st.stm32cube.ide.mcu.externaltools.gnu-tools-for-stm32.13.3.rel1.win32_1.0.0.202411081344/tools/bin/../lib/gcc/arm-none-eabi/13.3.1/../../../../arm-none-eabi/lib/thumb/v7-m/nofp/crt0.o
LOAD ./Core/Src/MAX6675.o
LOAD ./Core/Src/display_74HC595.o
LOAD ./Core/Src/main.o
LOAD ./Core/Src/stm32f1xx_hal_msp.o
LOAD ./Core/Src/stm32f1xx_it.o
LOAD ./Core/Src/syscalls.o
LOAD ./Core/Src/sysmem.o
LOAD ./Core/Src/system_stm32f1xx.o
LOAD ./Core/Startup/startup_stm32f103c8tx.o
LOAD ./Drivers/STM32F1xx_HAL_Driver/Src/stm32f1xx_hal.o
LOAD ./Drivers/STM32F1xx_HAL_Driver/Src/stm32f1xx_hal_cortex.o
LOAD ./Drivers/STM32F1xx_HAL_Driver/Src/stm32f1xx_hal_dma.o
LOAD ./Drivers/STM32F1xx_HAL_Driver/Src/stm32f1xx_hal_exti.o
LOAD ./Drivers/STM32F1xx_HAL_Driver/Src/stm32f1xx_hal_flash.o
LOAD ./Drivers/STM32F1xx_HAL_Driver/Src/stm32f1xx_hal_flash_ex.o
LOAD ./Drivers/STM32F1xx_HAL_Driver/Src/stm32f1xx_hal_gpio.o
LOAD ./Drivers/STM32F1xx_HAL_Driver/Src/stm32f1xx_hal_gpio_ex.o
LOAD ./Drivers/STM32F1xx_HAL_Driver/Src/stm32f1xx_hal_pwr.o
LOAD ./Drivers/STM32F1xx_HAL_Driver/Src/stm32f1xx_hal_rcc.o
LOAD ./Drivers/STM32F1xx_HAL_Driver/Src/stm32f1xx_hal_rcc_ex.o
LOAD ./Drivers/STM32F1xx_HAL_Driver/Src/stm32f1xx_hal_spi.o
LOAD ./Drivers/STM32F1xx_HAL_Driver/Src/stm32f1xx_hal_tim.o
LOAD ./Drivers/STM32F1xx_HAL_Driver/Src/stm32f1xx_hal_tim_ex.o
START GROUP
LOAD C:/ST/STM32CubeIDE_1.14.1/STM32CubeIDE/plugins/com.st.stm32cube.ide.mcu.externaltools.gnu-tools-for-stm32.13.3.rel1.win32_1.0.0.202411081344/tools/bin/../lib/gcc/arm-none-eabi/13.3.1/../../../../arm-none-eabi/lib/thumb/v7-m/nofp\libc_nano.a
LOAD C:/ST/STM32CubeIDE_1.14.1/STM32CubeIDE/plugins/com.st.stm32cube.ide.mcu.externaltools.gnu-tools-for-stm32.13.3.rel1.win32_1.0.0.202411081344/tools/bin/../lib/gcc/arm-none-eabi/13.3.1/../../../../arm-none-eabi/lib/thumb/v7-m/nofp\libm.a
END GROUP
START GROUP
LOAD C:/ST/STM32CubeIDE_1.14.1/STM32CubeIDE/plugins/com.st.stm32cube.ide.mcu.externaltools.gnu-tools-for-stm32.13.3.rel1.win32_1.0.0.202411081344/tools/bin/../lib/gcc/arm-none-eabi/13.3.1/thumb/v7-m/nofp\libgcc.a
LOAD C:/ST/STM32CubeIDE_1.14.1/STM32CubeIDE/plugins/com.st.stm32cube.ide.mcu.externaltools.gnu-tools-for-stm32.13.3.rel1.win32_1.0.0.202411081344/tools/bin/../lib/gcc/arm-none-eabi/13.3.1/../../../../arm-none-eabi/lib/thumb/v7-m/nofp\libc_nano.a
END GROUP
START GROUP
LOAD C:/ST/STM32CubeIDE_1.14.1/STM32CubeIDE/plugins/com.st.stm32cube.ide.mcu.externaltools.gnu-tools-for-stm32.13.3.rel1.win32_1.0.0.202411081344/tools/bin/../lib/gcc/arm-none-eabi/13.3.1/thumb/v7-m/nofp\libgcc.a
LOAD C:/ST/STM32CubeIDE_1.14.1/STM32CubeIDE/plugins/com.st.stm32cube.ide.mcu.externaltools.gnu-tools-for-stm32.13.3.rel1.win32_1.0.0.202411081344/tools/bin/../lib/gcc/arm-none-eabi/13.3.1/../../../../arm-none-eabi/lib/thumb/v7-m/nofp\libc_nano.a
LOAD C:/ST/STM32CubeIDE_1.14.1/STM32CubeIDE/plugins/com.st.stm32cube.ide.mcu.externaltools.gnu-tools-for-stm32.13.3.rel1.win32_1.0.0.202411081344/tools/bin/../lib/gcc/arm-none-eabi/13.3.1/../../../../arm-none-eabi/lib/thumb/v7-m/nofp\libnosys.a
END GROUP
START GROUP
LOAD C:/ST/STM32CubeIDE_1.14.1/STM32CubeIDE/plugins/com.st.stm32cube.ide.mcu.externaltools.gnu-tools-for-stm32.13.3.rel1.win32_1.0.0.202411081344/tools/bin/../lib/gcc/arm-none-eabi/13.3.1/thumb/v7-m/nofp\libgcc.a
LOAD C:/ST/STM32CubeIDE_1.14.1/STM32CubeIDE/plugins/com.st.stm32cube.ide.mcu.externaltools.gnu-tools-for-stm32.13.3.rel1.win32_1.0.0.202411081344/tools/bin/../lib/gcc/arm-none-eabi/13.3.1/../../../../arm-none-eabi/lib/thumb/v7-m/nofp\libc_nano.a
LOAD C:/ST/STM32CubeIDE_1.14.1/STM32CubeIDE/plugins/com.st.stm32cube.ide.mcu.externaltools.gnu-tools-for-stm32.13.3.rel1.win32_1.0.0.202411081344/tools/bin/../lib/gcc/arm-none-eabi/13.3.1/../../../../arm-none-eabi/lib/thumb/v7-m/nofp\libnosys.a
END GROUP
LOAD C:/ST/STM32CubeIDE_1.14.1/STM32CubeIDE/plugins/com.st.stm32cube.ide.mcu.externaltools.gnu-tools-for-stm32.13.3.rel1.win32_1.0.0.202411081344/tools/bin/../lib/gcc/arm-none-eabi/13.3.1/thumb/v7-m/nofp/crtend.o
LOAD C:/ST/STM32CubeIDE_1.14.1/STM32CubeIDE/plugins/com.st.stm32cube.ide.mcu.externaltools.gnu-tools-for-stm32.13.3.rel1.win32_1.0.0.202411081344/tools/bin/../lib/gcc/arm-none-eabi/13.3.1/thumb/v7-m/nofp/crtn.o
                0x20005000                        _estack = (ORIGIN (RAM) + LENGTH (RAM))
                0x00000200                        _Min_Heap_Size = 0x200
                0x00000400                        _Min_Stack_Size = 0x400

.isr_vector     0x08000000      0x10c
                0x08000000                        . = ALIGN (0x4)
 *(.isr_vector)
 .isr_vector    0x08000000      0x10c ./Core/Startup/startup_stm32f103c8tx.o
                0x08000000                g_pfnVectors
                0x0800010c                        . = ALIGN (0x4)

.text           0x0800010c     0x4384
                0x0800010c                        . = ALIGN (0x4)
 *(.text)
 .text          0x0800010c       0x40 C:/ST/STM32CubeIDE_1.14.1/STM32CubeIDE/plugins/com.st.stm32cube.ide.mcu.externaltools.gnu-tools-for-stm32.13.3.rel1.win32_1.0.0.202411081344/tools/bin/../lib/gcc/arm-none-eabi/13.3.1/thumb/v7-m/nofp/crtbegin.o
 .text          0x0800014c      0x254 C:/ST/STM32CubeIDE_1.14.1/STM32CubeIDE/plugins/com.st.stm32cube.ide.mcu.externaltools.gnu-tools-for-stm32.13.3.rel1.win32_1.0.0.202411081344/tools/bin/../lib/gcc/arm-none-eabi/13.3.1/thumb/v7-m/nofp\libgcc.a(_arm_muldf3.o)
                0x0800014c                __muldf3
                0x0800014c                __aeabi_dmul
 .text          0x080003a0      0x378 C:/ST/STM32CubeIDE_1.14.1/STM32CubeIDE/plugins/com.st.stm32cube.ide.mcu.externaltools.gnu-tools-for-stm32.13.3.rel1.win32_1.0.0.202411081344/tools/bin/../lib/gcc/arm-none-eabi/13.3.1/thumb/v7-m/nofp\libgcc.a(_arm_addsubdf3.o)
                0x080003a0                __aeabi_drsub
                0x080003a8                __aeabi_dsub
                0x080003a8                __subdf3
                0x080003ac                __aeabi_dadd
                0x080003ac                __adddf3
                0x08000624                __floatunsidf
                0x08000624                __aeabi_ui2d
                0x08000644                __floatsidf
                0x08000644                __aeabi_i2d
                0x08000668                __aeabi_f2d
                0x08000668                __extendsfdf2
                0x080006ac                __floatundidf
                0x080006ac                __aeabi_ul2d
                0x080006bc                __floatdidf
                0x080006bc                __aeabi_l2d
 .text          0x08000718       0xa0 C:/ST/STM32CubeIDE_1.14.1/STM32CubeIDE/plugins/com.st.stm32cube.ide.mcu.externaltools.gnu-tools-for-stm32.13.3.rel1.win32_1.0.0.202411081344/tools/bin/../lib/gcc/arm-none-eabi/13.3.1/thumb/v7-m/nofp\libgcc.a(_arm_truncdfsf2.o)
                0x08000718                __truncdfsf2
                0x08000718                __aeabi_d2f
 .text          0x080007b8      0x21c C:/ST/STM32CubeIDE_1.14.1/STM32CubeIDE/plugins/com.st.stm32cube.ide.mcu.externaltools.gnu-tools-for-stm32.13.3.rel1.win32_1.0.0.202411081344/tools/bin/../lib/gcc/arm-none-eabi/13.3.1/thumb/v7-m/nofp\libgcc.a(_arm_addsubsf3.o)
                0x080007b8                __aeabi_frsub
                0x080007c0                __subsf3
                0x080007c0                __aeabi_fsub
                0x080007c4                __aeabi_fadd
                0x080007c4                __addsf3
                0x08000924                __aeabi_ui2f
                0x08000924                __floatunsisf
                0x0800092c                __aeabi_i2f
                0x0800092c                __floatsisf
                0x08000948                __aeabi_ul2f
                0x08000948                __floatundisf
                0x08000958                __aeabi_l2f
                0x08000958                __floatdisf
 .text          0x080009d4      0x2a0 C:/ST/STM32CubeIDE_1.14.1/STM32CubeIDE/plugins/com.st.stm32cube.ide.mcu.externaltools.gnu-tools-for-stm32.13.3.rel1.win32_1.0.0.202411081344/tools/bin/../lib/gcc/arm-none-eabi/13.3.1/thumb/v7-m/nofp\libgcc.a(_arm_muldivsf3.o)
                0x080009d4                __mulsf3
                0x080009d4                __aeabi_fmul
                0x08000b3c                __aeabi_fdiv
                0x08000b3c                __divsf3
 .text          0x08000c74       0xec C:/ST/STM32CubeIDE_1.14.1/STM32CubeIDE/plugins/com.st.stm32cube.ide.mcu.externaltools.gnu-tools-for-stm32.13.3.rel1.win32_1.0.0.202411081344/tools/bin/../lib/gcc/arm-none-eabi/13.3.1/thumb/v7-m/nofp\libgcc.a(_arm_cmpsf2.o)
                0x08000c74                __gesf2
                0x08000c74                __gtsf2
                0x08000c7c                __lesf2
                0x08000c7c                __ltsf2
                0x08000c84                __nesf2
                0x08000c84                __eqsf2
                0x08000c84                __cmpsf2
                0x08000ce4                __aeabi_cfrcmple
                0x08000cec                __aeabi_cfcmpeq
                0x08000cec                __aeabi_cfcmple
                0x08000cfc                __aeabi_fcmpeq
                0x08000d10                __aeabi_fcmplt
                0x08000d24                __aeabi_fcmple
                0x08000d38                __aeabi_fcmpge
                0x08000d4c                __aeabi_fcmpgt
 .text          0x08000d60       0x4c C:/ST/STM32CubeIDE_1.14.1/STM32CubeIDE/plugins/com.st.stm32cube.ide.mcu.externaltools.gnu-tools-for-stm32.13.3.rel1.win32_1.0.0.202411081344/tools/bin/../lib/gcc/arm-none-eabi/13.3.1/thumb/v7-m/nofp\libgcc.a(_arm_fixsfsi.o)
                0x08000d60                __aeabi_f2iz
                0x08000d60                __fixsfsi
 .text          0x08000dac       0x40 C:/ST/STM32CubeIDE_1.14.1/STM32CubeIDE/plugins/com.st.stm32cube.ide.mcu.externaltools.gnu-tools-for-stm32.13.3.rel1.win32_1.0.0.202411081344/tools/bin/../lib/gcc/arm-none-eabi/13.3.1/thumb/v7-m/nofp\libgcc.a(_arm_fixunssfsi.o)
                0x08000dac                __fixunssfsi
                0x08000dac                __aeabi_f2uiz
 *(.text*)
 .text.MAX6675_Init
                0x08000dec       0x44 ./Core/Src/MAX6675.o
                0x08000dec                MAX6675_Init
 .text.MAX6675_ReadTemperature
                0x08000e30       0xac ./Core/Src/MAX6675.o
                0x08000e30                MAX6675_ReadTemperature
 .text.Display_PIN_EN_Assigment
                0x08000edc       0x2c ./Core/Src/display_74HC595.o
                0x08000edc                Display_PIN_EN_Assigment
 .text.Display_PIN_LACLK_Assigment
                0x08000f08       0x2c ./Core/Src/display_74HC595.o
                0x08000f08                Display_PIN_LACLK_Assigment
 .text.Display_PIN_SHCLK_Assigment
                0x08000f34       0x2c ./Core/Src/display_74HC595.o
                0x08000f34                Display_PIN_SHCLK_Assigment
 .text.Display_PIN_RESET_Assigment
                0x08000f60       0x2c ./Core/Src/display_74HC595.o
                0x08000f60                Display_PIN_RESET_Assigment
 .text.Display_PIN_DATA_Assigment
                0x08000f8c       0x2c ./Core/Src/display_74HC595.o
                0x08000f8c                Display_PIN_DATA_Assigment
 .text.Display_PIN_UNIDAD_Assigment
                0x08000fb8       0x2c ./Core/Src/display_74HC595.o
                0x08000fb8                Display_PIN_UNIDAD_Assigment
 .text.Display_PIN_DECENA_Assigment
                0x08000fe4       0x2c ./Core/Src/display_74HC595.o
                0x08000fe4                Display_PIN_DECENA_Assigment
 .text.Display_PIN_CENTENA_Assigment
                0x08001010       0x2c ./Core/Src/display_74HC595.o
                0x08001010                Display_PIN_CENTENA_Assigment
 .text.Display_Init
                0x0800103c       0x48 ./Core/Src/display_74HC595.o
                0x0800103c                Display_Init
 .text.Display_SendByte
                0x08001084       0x9c ./Core/Src/display_74HC595.o
                0x08001084                Display_SendByte
 .text.Display_Update
                0x08001120       0x20 ./Core/Src/display_74HC595.o
                0x08001120                Display_Update
 .text.Display_UpdateDigit
                0x08001140      0x184 ./Core/Src/display_74HC595.o
                0x08001140                Display_UpdateDigit
 .text.main     0x080012c4      0x6f4 ./Core/Src/main.o
                0x080012c4                main
 .text.SystemClock_Config
                0x080019b8       0x8a ./Core/Src/main.o
                0x080019b8                SystemClock_Config
 *fill*         0x08001a42        0x2 
 .text.MX_SPI1_Init
                0x08001a44       0x70 ./Core/Src/main.o
 .text.MX_TIM1_Init
                0x08001ab4       0xa0 ./Core/Src/main.o
 .text.MX_TIM2_Init
                0x08001b54       0x9c ./Core/Src/main.o
 .text.MX_GPIO_Init
                0x08001bf0      0x158 ./Core/Src/main.o
 .text.HAL_TIM_PeriodElapsedCallback
                0x08001d48       0x6c ./Core/Src/main.o
                0x08001d48                HAL_TIM_PeriodElapsedCallback
 .text.HAL_GPIO_EXTI_Callback
                0x08001db4       0x74 ./Core/Src/main.o
                0x08001db4                HAL_GPIO_EXTI_Callback
 .text.config_HC595
                0x08001e28       0x4c ./Core/Src/main.o
                0x08001e28                config_HC595
 .text.Error_Handler
                0x08001e74        0xc ./Core/Src/main.o
                0x08001e74                Error_Handler
 .text.HAL_MspInit
                0x08001e80       0x64 ./Core/Src/stm32f1xx_hal_msp.o
                0x08001e80                HAL_MspInit
 .text.HAL_SPI_MspInit
                0x08001ee4       0xfc ./Core/Src/stm32f1xx_hal_msp.o
                0x08001ee4                HAL_SPI_MspInit
 .text.HAL_TIM_Base_MspInit
                0x08001fe0       0xb0 ./Core/Src/stm32f1xx_hal_msp.o
                0x08001fe0                HAL_TIM_Base_MspInit
 .text.NMI_Handler
                0x08002090        0x8 ./Core/Src/stm32f1xx_it.o
                0x08002090                NMI_Handler
 .text.HardFault_Handler
                0x08002098        0x8 ./Core/Src/stm32f1xx_it.o
                0x08002098                HardFault_Handler
 .text.MemManage_Handler
                0x080020a0        0x8 ./Core/Src/stm32f1xx_it.o
                0x080020a0                MemManage_Handler
 .text.BusFault_Handler
                0x080020a8        0x8 ./Core/Src/stm32f1xx_it.o
                0x080020a8                BusFault_Handler
 .text.UsageFault_Handler
                0x080020b0        0x8 ./Core/Src/stm32f1xx_it.o
                0x080020b0                UsageFault_Handler
 .text.SVC_Handler
                0x080020b8        0xc ./Core/Src/stm32f1xx_it.o
                0x080020b8                SVC_Handler
 .text.DebugMon_Handler
                0x080020c4        0xc ./Core/Src/stm32f1xx_it.o
                0x080020c4                DebugMon_Handler
 .text.PendSV_Handler
                0x080020d0        0xc ./Core/Src/stm32f1xx_it.o
                0x080020d0                PendSV_Handler
 .text.SysTick_Handler
                0x080020dc        0xc ./Core/Src/stm32f1xx_it.o
                0x080020dc                SysTick_Handler
 .text.EXTI9_5_IRQHandler
                0x080020e8       0x18 ./Core/Src/stm32f1xx_it.o
                0x080020e8                EXTI9_5_IRQHandler
 .text.TIM1_BRK_IRQHandler
                0x08002100       0x14 ./Core/Src/stm32f1xx_it.o
                0x08002100                TIM1_BRK_IRQHandler
 .text.TIM1_UP_IRQHandler
                0x08002114       0x14 ./Core/Src/stm32f1xx_it.o
                0x08002114                TIM1_UP_IRQHandler
 .text.TIM1_TRG_COM_IRQHandler
                0x08002128       0x14 ./Core/Src/stm32f1xx_it.o
                0x08002128                TIM1_TRG_COM_IRQHandler
 .text.TIM1_CC_IRQHandler
                0x0800213c       0x14 ./Core/Src/stm32f1xx_it.o
                0x0800213c                TIM1_CC_IRQHandler
 .text.TIM2_IRQHandler
                0x08002150       0x14 ./Core/Src/stm32f1xx_it.o
                0x08002150                TIM2_IRQHandler
 .text.SPI1_IRQHandler
                0x08002164       0x14 ./Core/Src/stm32f1xx_it.o
                0x08002164                SPI1_IRQHandler
 .text.EXTI15_10_IRQHandler
                0x08002178       0x28 ./Core/Src/stm32f1xx_it.o
                0x08002178                EXTI15_10_IRQHandler
 .text.SystemInit
                0x080021a0        0xc ./Core/Src/system_stm32f1xx.o
                0x080021a0                SystemInit
 .text.Reset_Handler
                0x080021ac       0x48 ./Core/Startup/startup_stm32f103c8tx.o
                0x080021ac                Reset_Handler
 .text.Default_Handler
                0x080021f4        0x2 ./Core/Startup/startup_stm32f103c8tx.o
                0x080021f4                RTC_Alarm_IRQHandler
                0x080021f4                EXTI2_IRQHandler
                0x080021f4                PVD_IRQHandler
                0x080021f4                EXTI3_IRQHandler
                0x080021f4                EXTI0_IRQHandler
                0x080021f4                I2C2_EV_IRQHandler
                0x080021f4                ADC1_2_IRQHandler
                0x080021f4                TAMPER_IRQHandler
                0x080021f4                DMA1_Channel4_IRQHandler
                0x080021f4                USART3_IRQHandler
                0x080021f4                RTC_IRQHandler
                0x080021f4                DMA1_Channel7_IRQHandler
                0x080021f4                CAN1_RX1_IRQHandler
                0x080021f4                TIM4_IRQHandler
                0x080021f4                I2C1_EV_IRQHandler
                0x080021f4                DMA1_Channel6_IRQHandler
                0x080021f4                TIM3_IRQHandler
                0x080021f4                RCC_IRQHandler
                0x080021f4                DMA1_Channel1_IRQHandler
                0x080021f4                Default_Handler
                0x080021f4                SPI2_IRQHandler
                0x080021f4                DMA1_Channel5_IRQHandler
                0x080021f4                EXTI4_IRQHandler
                0x080021f4                USB_LP_CAN1_RX0_IRQHandler
                0x080021f4                USB_HP_CAN1_TX_IRQHandler
                0x080021f4                DMA1_Channel3_IRQHandler
                0x080021f4                WWDG_IRQHandler
                0x080021f4                EXTI1_IRQHandler
                0x080021f4                USART2_IRQHandler
                0x080021f4                I2C2_ER_IRQHandler
                0x080021f4                DMA1_Channel2_IRQHandler
                0x080021f4                CAN1_SCE_IRQHandler
                0x080021f4                FLASH_IRQHandler
                0x080021f4                USART1_IRQHandler
                0x080021f4                I2C1_ER_IRQHandler
                0x080021f4                USBWakeUp_IRQHandler
 *fill*         0x080021f6        0x2 
 .text.HAL_Init
                0x080021f8       0x2c ./Drivers/STM32F1xx_HAL_Driver/Src/stm32f1xx_hal.o
                0x080021f8                HAL_Init
 .text.HAL_InitTick
                0x08002224       0x60 ./Drivers/STM32F1xx_HAL_Driver/Src/stm32f1xx_hal.o
                0x08002224                HAL_InitTick
 .text.HAL_IncTick
                0x08002284       0x24 ./Drivers/STM32F1xx_HAL_Driver/Src/stm32f1xx_hal.o
                0x08002284                HAL_IncTick
 .text.HAL_GetTick
                0x080022a8       0x14 ./Drivers/STM32F1xx_HAL_Driver/Src/stm32f1xx_hal.o
                0x080022a8                HAL_GetTick
 .text.HAL_Delay
                0x080022bc       0x48 ./Drivers/STM32F1xx_HAL_Driver/Src/stm32f1xx_hal.o
                0x080022bc                HAL_Delay
 .text.__NVIC_SetPriorityGrouping
                0x08002304       0x48 ./Drivers/STM32F1xx_HAL_Driver/Src/stm32f1xx_hal_cortex.o
 .text.__NVIC_GetPriorityGrouping
                0x0800234c       0x1c ./Drivers/STM32F1xx_HAL_Driver/Src/stm32f1xx_hal_cortex.o
 .text.__NVIC_EnableIRQ
                0x08002368       0x38 ./Drivers/STM32F1xx_HAL_Driver/Src/stm32f1xx_hal_cortex.o
 .text.__NVIC_SetPriority
                0x080023a0       0x54 ./Drivers/STM32F1xx_HAL_Driver/Src/stm32f1xx_hal_cortex.o
 .text.NVIC_EncodePriority
                0x080023f4       0x64 ./Drivers/STM32F1xx_HAL_Driver/Src/stm32f1xx_hal_cortex.o
 .text.SysTick_Config
                0x08002458       0x44 ./Drivers/STM32F1xx_HAL_Driver/Src/stm32f1xx_hal_cortex.o
 .text.HAL_NVIC_SetPriorityGrouping
                0x0800249c       0x16 ./Drivers/STM32F1xx_HAL_Driver/Src/stm32f1xx_hal_cortex.o
                0x0800249c                HAL_NVIC_SetPriorityGrouping
 .text.HAL_NVIC_SetPriority
                0x080024b2       0x38 ./Drivers/STM32F1xx_HAL_Driver/Src/stm32f1xx_hal_cortex.o
                0x080024b2                HAL_NVIC_SetPriority
 .text.HAL_NVIC_EnableIRQ
                0x080024ea       0x1c ./Drivers/STM32F1xx_HAL_Driver/Src/stm32f1xx_hal_cortex.o
                0x080024ea                HAL_NVIC_EnableIRQ
 .text.HAL_SYSTICK_Config
                0x08002506       0x18 ./Drivers/STM32F1xx_HAL_Driver/Src/stm32f1xx_hal_cortex.o
                0x08002506                HAL_SYSTICK_Config
 *fill*         0x0800251e        0x2 
 .text.HAL_DMA_Abort_IT
                0x08002520       0xf0 ./Drivers/STM32F1xx_HAL_Driver/Src/stm32f1xx_hal_dma.o
                0x08002520                HAL_DMA_Abort_IT
 .text.HAL_GPIO_Init
                0x08002610      0x308 ./Drivers/STM32F1xx_HAL_Driver/Src/stm32f1xx_hal_gpio.o
                0x08002610                HAL_GPIO_Init
 .text.HAL_GPIO_ReadPin
                0x08002918       0x2e ./Drivers/STM32F1xx_HAL_Driver/Src/stm32f1xx_hal_gpio.o
                0x08002918                HAL_GPIO_ReadPin
 .text.HAL_GPIO_WritePin
                0x08002946       0x30 ./Drivers/STM32F1xx_HAL_Driver/Src/stm32f1xx_hal_gpio.o
                0x08002946                HAL_GPIO_WritePin
 .text.HAL_GPIO_TogglePin
                0x08002976       0x32 ./Drivers/STM32F1xx_HAL_Driver/Src/stm32f1xx_hal_gpio.o
                0x08002976                HAL_GPIO_TogglePin
 .text.HAL_GPIO_EXTI_IRQHandler
                0x080029a8       0x30 ./Drivers/STM32F1xx_HAL_Driver/Src/stm32f1xx_hal_gpio.o
                0x080029a8                HAL_GPIO_EXTI_IRQHandler
 .text.HAL_RCC_OscConfig
                0x080029d8      0x504 ./Drivers/STM32F1xx_HAL_Driver/Src/stm32f1xx_hal_rcc.o
                0x080029d8                HAL_RCC_OscConfig
 .text.HAL_RCC_ClockConfig
                0x08002edc      0x1d4 ./Drivers/STM32F1xx_HAL_Driver/Src/stm32f1xx_hal_rcc.o
                0x08002edc                HAL_RCC_ClockConfig
 .text.HAL_RCC_GetSysClockFreq
                0x080030b0       0xa8 ./Drivers/STM32F1xx_HAL_Driver/Src/stm32f1xx_hal_rcc.o
                0x080030b0                HAL_RCC_GetSysClockFreq
 .text.RCC_Delay
                0x08003158       0x3c ./Drivers/STM32F1xx_HAL_Driver/Src/stm32f1xx_hal_rcc.o
 .text.HAL_SPI_Init
                0x08003194      0x108 ./Drivers/STM32F1xx_HAL_Driver/Src/stm32f1xx_hal_spi.o
                0x08003194                HAL_SPI_Init
 .text.HAL_SPI_Receive
                0x0800329c      0x232 ./Drivers/STM32F1xx_HAL_Driver/Src/stm32f1xx_hal_spi.o
                0x0800329c                HAL_SPI_Receive
 .text.HAL_SPI_TransmitReceive
                0x080034ce      0x352 ./Drivers/STM32F1xx_HAL_Driver/Src/stm32f1xx_hal_spi.o
                0x080034ce                HAL_SPI_TransmitReceive
 .text.HAL_SPI_IRQHandler
                0x08003820      0x1cc ./Drivers/STM32F1xx_HAL_Driver/Src/stm32f1xx_hal_spi.o
                0x08003820                HAL_SPI_IRQHandler
 .text.HAL_SPI_ErrorCallback
                0x080039ec       0x12 ./Drivers/STM32F1xx_HAL_Driver/Src/stm32f1xx_hal_spi.o
                0x080039ec                HAL_SPI_ErrorCallback
 .text.SPI_DMAAbortOnError
                0x080039fe       0x28 ./Drivers/STM32F1xx_HAL_Driver/Src/stm32f1xx_hal_spi.o
 *fill*         0x08003a26        0x2 
 .text.SPI_WaitFlagStateUntilTimeout
                0x08003a28      0x110 ./Drivers/STM32F1xx_HAL_Driver/Src/stm32f1xx_hal_spi.o
 .text.SPI_EndRxTransaction
                0x08003b38       0xa4 ./Drivers/STM32F1xx_HAL_Driver/Src/stm32f1xx_hal_spi.o
 .text.SPI_EndRxTxTransaction
                0x08003bdc       0x62 ./Drivers/STM32F1xx_HAL_Driver/Src/stm32f1xx_hal_spi.o
 .text.HAL_TIM_Base_Init
                0x08003c3e       0x9e ./Drivers/STM32F1xx_HAL_Driver/Src/stm32f1xx_hal_tim.o
                0x08003c3e                HAL_TIM_Base_Init
 .text.HAL_TIM_Base_Start_IT
                0x08003cdc       0xa4 ./Drivers/STM32F1xx_HAL_Driver/Src/stm32f1xx_hal_tim.o
                0x08003cdc                HAL_TIM_Base_Start_IT
 .text.HAL_TIM_IRQHandler
                0x08003d80      0x1e0 ./Drivers/STM32F1xx_HAL_Driver/Src/stm32f1xx_hal_tim.o
                0x08003d80                HAL_TIM_IRQHandler
 .text.HAL_TIM_ConfigClockSource
                0x08003f60      0x18e ./Drivers/STM32F1xx_HAL_Driver/Src/stm32f1xx_hal_tim.o
                0x08003f60                HAL_TIM_ConfigClockSource
 .text.HAL_TIM_OC_DelayElapsedCallback
                0x080040ee       0x12 ./Drivers/STM32F1xx_HAL_Driver/Src/stm32f1xx_hal_tim.o
                0x080040ee                HAL_TIM_OC_DelayElapsedCallback
 .text.HAL_TIM_IC_CaptureCallback
                0x08004100       0x12 ./Drivers/STM32F1xx_HAL_Driver/Src/stm32f1xx_hal_tim.o
                0x08004100                HAL_TIM_IC_CaptureCallback
 .text.HAL_TIM_PWM_PulseFinishedCallback
                0x08004112       0x12 ./Drivers/STM32F1xx_HAL_Driver/Src/stm32f1xx_hal_tim.o
                0x08004112                HAL_TIM_PWM_PulseFinishedCallback
 .text.HAL_TIM_TriggerCallback
                0x08004124       0x12 ./Drivers/STM32F1xx_HAL_Driver/Src/stm32f1xx_hal_tim.o
                0x08004124                HAL_TIM_TriggerCallback
 *fill*         0x08004136        0x2 
 .text.TIM_Base_SetConfig
                0x08004138       0xdc ./Drivers/STM32F1xx_HAL_Driver/Src/stm32f1xx_hal_tim.o
                0x08004138                TIM_Base_SetConfig
 .text.TIM_TI1_ConfigInputStage
                0x08004214       0x5c ./Drivers/STM32F1xx_HAL_Driver/Src/stm32f1xx_hal_tim.o
 .text.TIM_TI2_ConfigInputStage
                0x08004270       0x5e ./Drivers/STM32F1xx_HAL_Driver/Src/stm32f1xx_hal_tim.o
 .text.TIM_ITRx_SetConfig
                0x080042ce       0x34 ./Drivers/STM32F1xx_HAL_Driver/Src/stm32f1xx_hal_tim.o
 .text.TIM_ETR_SetConfig
                0x08004302       0x3e ./Drivers/STM32F1xx_HAL_Driver/Src/stm32f1xx_hal_tim.o
                0x08004302                TIM_ETR_SetConfig
 .text.HAL_TIMEx_MasterConfigSynchronization
                0x08004340       0xbc ./Drivers/STM32F1xx_HAL_Driver/Src/stm32f1xx_hal_tim_ex.o
                0x08004340                HAL_TIMEx_MasterConfigSynchronization
 .text.HAL_TIMEx_CommutCallback
                0x080043fc       0x12 ./Drivers/STM32F1xx_HAL_Driver/Src/stm32f1xx_hal_tim_ex.o
                0x080043fc                HAL_TIMEx_CommutCallback
 .text.HAL_TIMEx_BreakCallback
                0x0800440e       0x12 ./Drivers/STM32F1xx_HAL_Driver/Src/stm32f1xx_hal_tim_ex.o
                0x0800440e                HAL_TIMEx_BreakCallback
 .text.memset   0x08004420       0x10 C:/ST/STM32CubeIDE_1.14.1/STM32CubeIDE/plugins/com.st.stm32cube.ide.mcu.externaltools.gnu-tools-for-stm32.13.3.rel1.win32_1.0.0.202411081344/tools/bin/../lib/gcc/arm-none-eabi/13.3.1/../../../../arm-none-eabi/lib/thumb/v7-m/nofp\libc_nano.a(libc_a-memset.o)
                0x08004420                memset
 .text.__libc_init_array
                0x08004430       0x48 C:/ST/STM32CubeIDE_1.14.1/STM32CubeIDE/plugins/com.st.stm32cube.ide.mcu.externaltools.gnu-tools-for-stm32.13.3.rel1.win32_1.0.0.202411081344/tools/bin/../lib/gcc/arm-none-eabi/13.3.1/../../../../arm-none-eabi/lib/thumb/v7-m/nofp\libc_nano.a(libc_a-init.o)
                0x08004430                __libc_init_array
 *(.glue_7)
 .glue_7        0x08004478        0x0 linker stubs
 *(.glue_7t)
 .glue_7t       0x08004478        0x0 linker stubs
 *(.eh_frame)
 .eh_frame      0x08004478        0x0 C:/ST/STM32CubeIDE_1.14.1/STM32CubeIDE/plugins/com.st.stm32cube.ide.mcu.externaltools.gnu-tools-for-stm32.13.3.rel1.win32_1.0.0.202411081344/tools/bin/../lib/gcc/arm-none-eabi/13.3.1/thumb/v7-m/nofp/crtbegin.o
 *(.init)
 .init          0x08004478        0x4 C:/ST/STM32CubeIDE_1.14.1/STM32CubeIDE/plugins/com.st.stm32cube.ide.mcu.externaltools.gnu-tools-for-stm32.13.3.rel1.win32_1.0.0.202411081344/tools/bin/../lib/gcc/arm-none-eabi/13.3.1/thumb/v7-m/nofp/crti.o
                0x08004478                _init
 .init          0x0800447c        0x8 C:/ST/STM32CubeIDE_1.14.1/STM32CubeIDE/plugins/com.st.stm32cube.ide.mcu.externaltools.gnu-tools-for-stm32.13.3.rel1.win32_1.0.0.202411081344/tools/bin/../lib/gcc/arm-none-eabi/13.3.1/thumb/v7-m/nofp/crtn.o
 *(.fini)
 .fini          0x08004484        0x4 C:/ST/STM32CubeIDE_1.14.1/STM32CubeIDE/plugins/com.st.stm32cube.ide.mcu.externaltools.gnu-tools-for-stm32.13.3.rel1.win32_1.0.0.202411081344/tools/bin/../lib/gcc/arm-none-eabi/13.3.1/thumb/v7-m/nofp/crti.o
                0x08004484                _fini
 .fini          0x08004488        0x8 C:/ST/STM32CubeIDE_1.14.1/STM32CubeIDE/plugins/com.st.stm32cube.ide.mcu.externaltools.gnu-tools-for-stm32.13.3.rel1.win32_1.0.0.202411081344/tools/bin/../lib/gcc/arm-none-eabi/13.3.1/thumb/v7-m/nofp/crtn.o
                0x08004490                        . = ALIGN (0x4)
                0x08004490                        _etext = .

.vfp11_veneer   0x08004490        0x0
 .vfp11_veneer  0x08004490        0x0 linker stubs

.v4_bx          0x08004490        0x0
 .v4_bx         0x08004490        0x0 linker stubs

.iplt           0x08004490        0x0
 .iplt          0x08004490        0x0 C:/ST/STM32CubeIDE_1.14.1/STM32CubeIDE/plugins/com.st.stm32cube.ide.mcu.externaltools.gnu-tools-for-stm32.13.3.rel1.win32_1.0.0.202411081344/tools/bin/../lib/gcc/arm-none-eabi/13.3.1/thumb/v7-m/nofp/crtbegin.o

.rodata         0x08004490       0x30
                0x08004490                        . = ALIGN (0x4)
 *(.rodata)
 *(.rodata*)
 .rodata.digit_map
                0x08004490        0xa ./Core/Src/display_74HC595.o
                0x08004490                digit_map
 *fill*         0x0800449a        0x2 
 .rodata.AHBPrescTable
                0x0800449c       0x10 ./Core/Src/system_stm32f1xx.o
                0x0800449c                AHBPrescTable
 .rodata.aPLLMULFactorTable.1
                0x080044ac       0x10 ./Drivers/STM32F1xx_HAL_Driver/Src/stm32f1xx_hal_rcc.o
 .rodata.aPredivFactorTable.0
                0x080044bc        0x2 ./Drivers/STM32F1xx_HAL_Driver/Src/stm32f1xx_hal_rcc.o
                0x080044c0                        . = ALIGN (0x4)
 *fill*         0x080044be        0x2 

.ARM.extab      0x080044c0        0x0
                0x080044c0                        . = ALIGN (0x4)
 *(.ARM.extab* .gnu.linkonce.armextab.*)
                0x080044c0                        . = ALIGN (0x4)

.ARM            0x080044c0        0x0
                0x080044c0                        . = ALIGN (0x4)
                0x080044c0                        __exidx_start = .
 *(.ARM.exidx*)
                0x080044c0                        __exidx_end = .
                0x080044c0                        . = ALIGN (0x4)

.preinit_array  0x080044c0        0x0
                0x080044c0                        . = ALIGN (0x4)
                0x080044c0                        PROVIDE (__preinit_array_start = .)
 *(.preinit_array*)
                0x080044c0                        PROVIDE (__preinit_array_end = .)
                0x080044c0                        . = ALIGN (0x4)

.init_array     0x080044c0        0x4
                0x080044c0                        . = ALIGN (0x4)
                0x080044c0                        PROVIDE (__init_array_start = .)
 *(SORT_BY_NAME(.init_array.*))
 *(.init_array*)
 .init_array    0x080044c0        0x4 C:/ST/STM32CubeIDE_1.14.1/STM32CubeIDE/plugins/com.st.stm32cube.ide.mcu.externaltools.gnu-tools-for-stm32.13.3.rel1.win32_1.0.0.202411081344/tools/bin/../lib/gcc/arm-none-eabi/13.3.1/thumb/v7-m/nofp/crtbegin.o
                0x080044c4                        PROVIDE (__init_array_end = .)
                0x080044c4                        . = ALIGN (0x4)

.fini_array     0x080044c4        0x4
                0x080044c4                        . = ALIGN (0x4)
                [!provide]                        PROVIDE (__fini_array_start = .)
 *(SORT_BY_NAME(.fini_array.*))
 *(.fini_array*)
 .fini_array    0x080044c4        0x4 C:/ST/STM32CubeIDE_1.14.1/STM32CubeIDE/plugins/com.st.stm32cube.ide.mcu.externaltools.gnu-tools-for-stm32.13.3.rel1.win32_1.0.0.202411081344/tools/bin/../lib/gcc/arm-none-eabi/13.3.1/thumb/v7-m/nofp/crtbegin.o
                [!provide]                        PROVIDE (__fini_array_end = .)
                0x080044c8                        . = ALIGN (0x4)
                0x080044c8                        _sidata = LOADADDR (.data)

.rel.dyn        0x080044c8        0x0
 .rel.iplt      0x080044c8        0x0 C:/ST/STM32CubeIDE_1.14.1/STM32CubeIDE/plugins/com.st.stm32cube.ide.mcu.externaltools.gnu-tools-for-stm32.13.3.rel1.win32_1.0.0.202411081344/tools/bin/../lib/gcc/arm-none-eabi/13.3.1/thumb/v7-m/nofp/crtbegin.o

.data           0x20000000       0x18 load address 0x080044c8
                0x20000000                        . = ALIGN (0x4)
                0x20000000                        _sdata = .
 *(.data)
 *(.data*)
 .data.cant_digitos_encendidos
                0x20000000        0x1 ./Core/Src/display_74HC595.o
                0x20000000                cant_digitos_encendidos
 *fill*         0x20000001        0x3 
 .data.setpoint
                0x20000004        0x4 ./Core/Src/main.o
                0x20000004                setpoint
 .data.tiempo_coccion
                0x20000008        0x4 ./Core/Src/main.o
                0x20000008                tiempo_coccion
 .data.SystemCoreClock
                0x2000000c        0x4 ./Core/Src/system_stm32f1xx.o
                0x2000000c                SystemCoreClock
 .data.uwTickPrio
                0x20000010        0x4 ./Drivers/STM32F1xx_HAL_Driver/Src/stm32f1xx_hal.o
                0x20000010                uwTickPrio
 .data.uwTickFreq
                0x20000014        0x1 ./Drivers/STM32F1xx_HAL_Driver/Src/stm32f1xx_hal.o
                0x20000014                uwTickFreq
 *(.RamFunc)
 *(.RamFunc*)
                0x20000018                        . = ALIGN (0x4)
 *fill*         0x20000015        0x3 
                0x20000018                        _edata = .

.igot.plt       0x20000018        0x0 load address 0x080044e0
 .igot.plt      0x20000018        0x0 C:/ST/STM32CubeIDE_1.14.1/STM32CubeIDE/plugins/com.st.stm32cube.ide.mcu.externaltools.gnu-tools-for-stm32.13.3.rel1.win32_1.0.0.202411081344/tools/bin/../lib/gcc/arm-none-eabi/13.3.1/thumb/v7-m/nofp/crtbegin.o
                0x20000018                        . = ALIGN (0x4)

.bss            0x20000018      0x1a4 load address 0x080044e0
                0x20000018                        _sbss = .
                0x20000018                        __bss_start__ = _sbss
 *(.bss)
 .bss           0x20000018       0x1c C:/ST/STM32CubeIDE_1.14.1/STM32CubeIDE/plugins/com.st.stm32cube.ide.mcu.externaltools.gnu-tools-for-stm32.13.3.rel1.win32_1.0.0.202411081344/tools/bin/../lib/gcc/arm-none-eabi/13.3.1/thumb/v7-m/nofp/crtbegin.o
 *(.bss*)
 .bss.MAX6675_CS_PORT
                0x20000034        0x4 ./Core/Src/MAX6675.o
                0x20000034                MAX6675_CS_PORT
 .bss.MAX6675_CS_PIN
                0x20000038        0x2 ./Core/Src/MAX6675.o
                0x20000038                MAX6675_CS_PIN
 *fill*         0x2000003a        0x2 
 .bss.max6675_hspi
                0x2000003c        0x4 ./Core/Src/MAX6675.o
 .bss.current_number
                0x20000040        0x2 ./Core/Src/display_74HC595.o
 .bss.current_digit
                0x20000042        0x1 ./Core/Src/display_74HC595.o
 *fill*         0x20000043        0x1 
 .bss.enable_port
                0x20000044        0x4 ./Core/Src/display_74HC595.o
                0x20000044                enable_port
 .bss.enable_pin
                0x20000048        0x2 ./Core/Src/display_74HC595.o
                0x20000048                enable_pin
 *fill*         0x2000004a        0x2 
 .bss.laclk_port
                0x2000004c        0x4 ./Core/Src/display_74HC595.o
                0x2000004c                laclk_port
 .bss.laclk_pin
                0x20000050        0x2 ./Core/Src/display_74HC595.o
                0x20000050                laclk_pin
 *fill*         0x20000052        0x2 
 .bss.shclk_port
                0x20000054        0x4 ./Core/Src/display_74HC595.o
                0x20000054                shclk_port
 .bss.shclk_pin
                0x20000058        0x2 ./Core/Src/display_74HC595.o
                0x20000058                shclk_pin
 *fill*         0x2000005a        0x2 
 .bss.reset_port
                0x2000005c        0x4 ./Core/Src/display_74HC595.o
                0x2000005c                reset_port
 .bss.reset_pin
                0x20000060        0x2 ./Core/Src/display_74HC595.o
                0x20000060                reset_pin
 *fill*         0x20000062        0x2 
 .bss.data_port
                0x20000064        0x4 ./Core/Src/display_74HC595.o
                0x20000064                data_port
 .bss.data_pin  0x20000068        0x2 ./Core/Src/display_74HC595.o
                0x20000068                data_pin
 *fill*         0x2000006a        0x2 
 .bss.unidad_port
                0x2000006c        0x4 ./Core/Src/display_74HC595.o
                0x2000006c                unidad_port
 .bss.unidad_pin
                0x20000070        0x2 ./Core/Src/display_74HC595.o
                0x20000070                unidad_pin
 *fill*         0x20000072        0x2 
 .bss.decena_port
                0x20000074        0x4 ./Core/Src/display_74HC595.o
                0x20000074                decena_port
 .bss.decena_pin
                0x20000078        0x2 ./Core/Src/display_74HC595.o
                0x20000078                decena_pin
 *fill*         0x2000007a        0x2 
 .bss.centena_port
                0x2000007c        0x4 ./Core/Src/display_74HC595.o
                0x2000007c                centena_port
 .bss.centena_pin
                0x20000080        0x2 ./Core/Src/display_74HC595.o
                0x20000080                centena_pin
 *fill*         0x20000082        0x2 
 .bss.hspi1     0x20000084       0x58 ./Core/Src/main.o
                0x20000084                hspi1
 .bss.htim1     0x200000dc       0x48 ./Core/Src/main.o
                0x200000dc                htim1
 .bss.htim2     0x20000124       0x48 ./Core/Src/main.o
                0x20000124                htim2
 .bss.temperatura_leida
                0x2000016c        0x4 ./Core/Src/main.o
                0x2000016c                temperatura_leida
 .bss.temperatura_leida_antes
                0x20000170        0x4 ./Core/Src/main.o
                0x20000170                temperatura_leida_antes
 .bss.temperatura_filtrada
                0x20000174        0x4 ./Core/Src/main.o
                0x20000174                temperatura_filtrada
 .bss.temperature_buffer
                0x20000178       0x14 ./Core/Src/main.o
                0x20000178                temperature_buffer
 .bss.buffer_index
                0x2000018c        0x1 ./Core/Src/main.o
                0x2000018c                buffer_index
 *fill*         0x2000018d        0x3 
 .bss.sum       0x20000190        0x4 ./Core/Src/main.o
                0x20000190                sum
 .bss.cont_duty_cycle
                0x20000194        0x4 ./Core/Src/main.o
                0x20000194                cont_duty_cycle
 .bss.leer_temp
                0x20000198        0x1 ./Core/Src/main.o
                0x20000198                leer_temp
 .bss.controlar
                0x20000199        0x1 ./Core/Src/main.o
                0x20000199                controlar
 *fill*         0x2000019a        0x2 
 .bss.tiempo_coccion_segs
                0x2000019c        0x4 ./Core/Src/main.o
                0x2000019c                tiempo_coccion_segs
 .bss.tiempo_on_SSR
                0x200001a0        0x4 ./Core/Src/main.o
                0x200001a0                tiempo_on_SSR
 .bss.estado    0x200001a4        0x1 ./Core/Src/main.o
                0x200001a4                estado
 .bss.boton     0x200001a5        0x1 ./Core/Src/main.o
                0x200001a5                boton
 *fill*         0x200001a6        0x2 
 .bss.cont_toques_temp
                0x200001a8        0x4 ./Core/Src/main.o
                0x200001a8                cont_toques_temp
 .bss.cont_toques_tiempo
                0x200001ac        0x4 ./Core/Src/main.o
                0x200001ac                cont_toques_tiempo
 .bss.tiempo_mostrar_set
                0x200001b0        0x4 ./Core/Src/main.o
                0x200001b0                tiempo_mostrar_set
 .bss.cont_mostrar_temp
                0x200001b4        0x4 ./Core/Src/main.o
                0x200001b4                cont_mostrar_temp
 .bss.uwTick    0x200001b8        0x4 ./Drivers/STM32F1xx_HAL_Driver/Src/stm32f1xx_hal.o
                0x200001b8                uwTick
 *(COMMON)
                0x200001bc                        . = ALIGN (0x4)
                0x200001bc                        _ebss = .
                0x200001bc                        __bss_end__ = _ebss

._user_heap_stack
                0x200001bc      0x604 load address 0x080044e0
                0x200001c0                        . = ALIGN (0x8)
 *fill*         0x200001bc        0x4 
                [!provide]                        PROVIDE (end = .)
                0x200001c0                        PROVIDE (_end = .)
                0x200003c0                        . = (. + _Min_Heap_Size)
 *fill*         0x200001c0      0x200 
                0x200007c0                        . = (. + _Min_Stack_Size)
 *fill*         0x200003c0      0x400 
                0x200007c0                        . = ALIGN (0x8)

/DISCARD/
 libc.a(*)
 libm.a(*)
 libgcc.a(*)

.ARM.attributes
                0x00000000       0x29
 *(.ARM.attributes)
 .ARM.attributes
                0x00000000       0x1d C:/ST/STM32CubeIDE_1.14.1/STM32CubeIDE/plugins/com.st.stm32cube.ide.mcu.externaltools.gnu-tools-for-stm32.13.3.rel1.win32_1.0.0.202411081344/tools/bin/../lib/gcc/arm-none-eabi/13.3.1/thumb/v7-m/nofp/crti.o
 .ARM.attributes
                0x0000001d       0x2d C:/ST/STM32CubeIDE_1.14.1/STM32CubeIDE/plugins/com.st.stm32cube.ide.mcu.externaltools.gnu-tools-for-stm32.13.3.rel1.win32_1.0.0.202411081344/tools/bin/../lib/gcc/arm-none-eabi/13.3.1/thumb/v7-m/nofp/crtbegin.o
 .ARM.attributes
                0x0000004a       0x2d ./Core/Src/MAX6675.o
 .ARM.attributes
                0x00000077       0x2d ./Core/Src/display_74HC595.o
 .ARM.attributes
                0x000000a4       0x2d ./Core/Src/main.o
 .ARM.attributes
                0x000000d1       0x2d ./Core/Src/stm32f1xx_hal_msp.o
 .ARM.attributes
                0x000000fe       0x2d ./Core/Src/stm32f1xx_it.o
 .ARM.attributes
                0x0000012b       0x2d ./Core/Src/system_stm32f1xx.o
 .ARM.attributes
                0x00000158       0x21 ./Core/Startup/startup_stm32f103c8tx.o
 .ARM.attributes
                0x00000179       0x2d ./Drivers/STM32F1xx_HAL_Driver/Src/stm32f1xx_hal.o
 .ARM.attributes
                0x000001a6       0x2d ./Drivers/STM32F1xx_HAL_Driver/Src/stm32f1xx_hal_cortex.o
 .ARM.attributes
                0x000001d3       0x2d ./Drivers/STM32F1xx_HAL_Driver/Src/stm32f1xx_hal_dma.o
 .ARM.attributes
                0x00000200       0x2d ./Drivers/STM32F1xx_HAL_Driver/Src/stm32f1xx_hal_gpio.o
 .ARM.attributes
                0x0000022d       0x2d ./Drivers/STM32F1xx_HAL_Driver/Src/stm32f1xx_hal_rcc.o
 .ARM.attributes
                0x0000025a       0x2d ./Drivers/STM32F1xx_HAL_Driver/Src/stm32f1xx_hal_spi.o
 .ARM.attributes
                0x00000287       0x2d ./Drivers/STM32F1xx_HAL_Driver/Src/stm32f1xx_hal_tim.o
 .ARM.attributes
                0x000002b4       0x2d ./Drivers/STM32F1xx_HAL_Driver/Src/stm32f1xx_hal_tim_ex.o
 .ARM.attributes
                0x000002e1       0x2d C:/ST/STM32CubeIDE_1.14.1/STM32CubeIDE/plugins/com.st.stm32cube.ide.mcu.externaltools.gnu-tools-for-stm32.13.3.rel1.win32_1.0.0.202411081344/tools/bin/../lib/gcc/arm-none-eabi/13.3.1/../../../../arm-none-eabi/lib/thumb/v7-m/nofp\libc_nano.a(libc_a-memset.o)
 .ARM.attributes
                0x0000030e       0x2d C:/ST/STM32CubeIDE_1.14.1/STM32CubeIDE/plugins/com.st.stm32cube.ide.mcu.externaltools.gnu-tools-for-stm32.13.3.rel1.win32_1.0.0.202411081344/tools/bin/../lib/gcc/arm-none-eabi/13.3.1/../../../../arm-none-eabi/lib/thumb/v7-m/nofp\libc_nano.a(libc_a-init.o)
 .ARM.attributes
                0x0000033b       0x1d C:/ST/STM32CubeIDE_1.14.1/STM32CubeIDE/plugins/com.st.stm32cube.ide.mcu.externaltools.gnu-tools-for-stm32.13.3.rel1.win32_1.0.0.202411081344/tools/bin/../lib/gcc/arm-none-eabi/13.3.1/thumb/v7-m/nofp\libgcc.a(_arm_muldf3.o)
 .ARM.attributes
                0x00000358       0x1d C:/ST/STM32CubeIDE_1.14.1/STM32CubeIDE/plugins/com.st.stm32cube.ide.mcu.externaltools.gnu-tools-for-stm32.13.3.rel1.win32_1.0.0.202411081344/tools/bin/../lib/gcc/arm-none-eabi/13.3.1/thumb/v7-m/nofp\libgcc.a(_arm_addsubdf3.o)
 .ARM.attributes
                0x00000375       0x1d C:/ST/STM32CubeIDE_1.14.1/STM32CubeIDE/plugins/com.st.stm32cube.ide.mcu.externaltools.gnu-tools-for-stm32.13.3.rel1.win32_1.0.0.202411081344/tools/bin/../lib/gcc/arm-none-eabi/13.3.1/thumb/v7-m/nofp\libgcc.a(_arm_truncdfsf2.o)
 .ARM.attributes
                0x00000392       0x1d C:/ST/STM32CubeIDE_1.14.1/STM32CubeIDE/plugins/com.st.stm32cube.ide.mcu.externaltools.gnu-tools-for-stm32.13.3.rel1.win32_1.0.0.202411081344/tools/bin/../lib/gcc/arm-none-eabi/13.3.1/thumb/v7-m/nofp\libgcc.a(_arm_addsubsf3.o)
 .ARM.attributes
                0x000003af       0x1d C:/ST/STM32CubeIDE_1.14.1/STM32CubeIDE/plugins/com.st.stm32cube.ide.mcu.externaltools.gnu-tools-for-stm32.13.3.rel1.win32_1.0.0.202411081344/tools/bin/../lib/gcc/arm-none-eabi/13.3.1/thumb/v7-m/nofp\libgcc.a(_arm_muldivsf3.o)
 .ARM.attributes
                0x000003cc       0x1d C:/ST/STM32CubeIDE_1.14.1/STM32CubeIDE/plugins/com.st.stm32cube.ide.mcu.externaltools.gnu-tools-for-stm32.13.3.rel1.win32_1.0.0.202411081344/tools/bin/../lib/gcc/arm-none-eabi/13.3.1/thumb/v7-m/nofp\libgcc.a(_arm_cmpsf2.o)
 .ARM.attributes
                0x000003e9       0x1d C:/ST/STM32CubeIDE_1.14.1/STM32CubeIDE/plugins/com.st.stm32cube.ide.mcu.externaltools.gnu-tools-for-stm32.13.3.rel1.win32_1.0.0.202411081344/tools/bin/../lib/gcc/arm-none-eabi/13.3.1/thumb/v7-m/nofp\libgcc.a(_arm_fixsfsi.o)
 .ARM.attributes
                0x00000406       0x1d C:/ST/STM32CubeIDE_1.14.1/STM32CubeIDE/plugins/com.st.stm32cube.ide.mcu.externaltools.gnu-tools-for-stm32.13.3.rel1.win32_1.0.0.202411081344/tools/bin/../lib/gcc/arm-none-eabi/13.3.1/thumb/v7-m/nofp\libgcc.a(_arm_fixunssfsi.o)
 .ARM.attributes
                0x00000423       0x1d C:/ST/STM32CubeIDE_1.14.1/STM32CubeIDE/plugins/com.st.stm32cube.ide.mcu.externaltools.gnu-tools-for-stm32.13.3.rel1.win32_1.0.0.202411081344/tools/bin/../lib/gcc/arm-none-eabi/13.3.1/thumb/v7-m/nofp/crtn.o
OUTPUT(parri_V1-0.elf elf32-littlearm)
LOAD linker stubs
LOAD C:/ST/STM32CubeIDE_1.14.1/STM32CubeIDE/plugins/com.st.stm32cube.ide.mcu.externaltools.gnu-tools-for-stm32.13.3.rel1.win32_1.0.0.202411081344/tools/bin/../lib/gcc/arm-none-eabi/13.3.1/../../../../arm-none-eabi/lib/thumb/v7-m/nofp\libc.a
LOAD C:/ST/STM32CubeIDE_1.14.1/STM32CubeIDE/plugins/com.st.stm32cube.ide.mcu.externaltools.gnu-tools-for-stm32.13.3.rel1.win32_1.0.0.202411081344/tools/bin/../lib/gcc/arm-none-eabi/13.3.1/../../../../arm-none-eabi/lib/thumb/v7-m/nofp\libm.a
LOAD C:/ST/STM32CubeIDE_1.14.1/STM32CubeIDE/plugins/com.st.stm32cube.ide.mcu.externaltools.gnu-tools-for-stm32.13.3.rel1.win32_1.0.0.202411081344/tools/bin/../lib/gcc/arm-none-eabi/13.3.1/thumb/v7-m/nofp\libgcc.a

.debug_info     0x00000000     0xb22c
 .debug_info    0x00000000      0x72a ./Core/Src/MAX6675.o
 .debug_info    0x0000072a      0x542 ./Core/Src/display_74HC595.o
 .debug_info    0x00000c6c     0x13cf ./Core/Src/main.o
 .debug_info    0x0000203b      0xdab ./Core/Src/stm32f1xx_hal_msp.o
 .debug_info    0x00002de6      0x9f6 ./Core/Src/stm32f1xx_it.o
 .debug_info    0x000037dc      0x222 ./Core/Src/system_stm32f1xx.o
 .debug_info    0x000039fe       0x30 ./Core/Startup/startup_stm32f103c8tx.o
 .debug_info    0x00003a2e      0x704 ./Drivers/STM32F1xx_HAL_Driver/Src/stm32f1xx_hal.o
 .debug_info    0x00004132      0xa87 ./Drivers/STM32F1xx_HAL_Driver/Src/stm32f1xx_hal_cortex.o
 .debug_info    0x00004bb9      0x6d2 ./Drivers/STM32F1xx_HAL_Driver/Src/stm32f1xx_hal_dma.o
 .debug_info    0x0000528b      0x5ab ./Drivers/STM32F1xx_HAL_Driver/Src/stm32f1xx_hal_gpio.o
 .debug_info    0x00005836      0x7d5 ./Drivers/STM32F1xx_HAL_Driver/Src/stm32f1xx_hal_rcc.o
 .debug_info    0x0000600b     0x142d ./Drivers/STM32F1xx_HAL_Driver/Src/stm32f1xx_hal_spi.o
 .debug_info    0x00007438     0x2959 ./Drivers/STM32F1xx_HAL_Driver/Src/stm32f1xx_hal_tim.o
 .debug_info    0x00009d91     0x149b ./Drivers/STM32F1xx_HAL_Driver/Src/stm32f1xx_hal_tim_ex.o

.debug_abbrev   0x00000000     0x1e8b
 .debug_abbrev  0x00000000      0x1d7 ./Core/Src/MAX6675.o
 .debug_abbrev  0x000001d7      0x19e ./Core/Src/display_74HC595.o
 .debug_abbrev  0x00000375      0x304 ./Core/Src/main.o
 .debug_abbrev  0x00000679      0x1de ./Core/Src/stm32f1xx_hal_msp.o
 .debug_abbrev  0x00000857      0x1dd ./Core/Src/stm32f1xx_it.o
 .debug_abbrev  0x00000a34      0x13f ./Core/Src/system_stm32f1xx.o
 .debug_abbrev  0x00000b73       0x24 ./Core/Startup/startup_stm32f103c8tx.o
 .debug_abbrev  0x00000b97      0x201 ./Drivers/STM32F1xx_HAL_Driver/Src/stm32f1xx_hal.o
 .debug_abbrev  0x00000d98      0x2f8 ./Drivers/STM32F1xx_HAL_Driver/Src/stm32f1xx_hal_cortex.o
 .debug_abbrev  0x00001090      0x20b ./Drivers/STM32F1xx_HAL_Driver/Src/stm32f1xx_hal_dma.o
 .debug_abbrev  0x0000129b      0x1ca ./Drivers/STM32F1xx_HAL_Driver/Src/stm32f1xx_hal_gpio.o
 .debug_abbrev  0x00001465      0x2b3 ./Drivers/STM32F1xx_HAL_Driver/Src/stm32f1xx_hal_rcc.o
 .debug_abbrev  0x00001718      0x27a ./Drivers/STM32F1xx_HAL_Driver/Src/stm32f1xx_hal_spi.o
 .debug_abbrev  0x00001992      0x277 ./Drivers/STM32F1xx_HAL_Driver/Src/stm32f1xx_hal_tim.o
 .debug_abbrev  0x00001c09      0x282 ./Drivers/STM32F1xx_HAL_Driver/Src/stm32f1xx_hal_tim_ex.o

.debug_aranges  0x00000000      0xc88
 .debug_aranges
                0x00000000       0x28 ./Core/Src/MAX6675.o
 .debug_aranges
                0x00000028       0x78 ./Core/Src/display_74HC595.o
 .debug_aranges
                0x000000a0       0x68 ./Core/Src/main.o
 .debug_aranges
                0x00000108       0x40 ./Core/Src/stm32f1xx_hal_msp.o
 .debug_aranges
                0x00000148       0xa0 ./Core/Src/stm32f1xx_it.o
 .debug_aranges
                0x000001e8       0x28 ./Core/Src/system_stm32f1xx.o
 .debug_aranges
                0x00000210       0x28 ./Core/Startup/startup_stm32f103c8tx.o
 .debug_aranges
                0x00000238       0xe0 ./Drivers/STM32F1xx_HAL_Driver/Src/stm32f1xx_hal.o
 .debug_aranges
                0x00000318      0x100 ./Drivers/STM32F1xx_HAL_Driver/Src/stm32f1xx_hal_cortex.o
 .debug_aranges
                0x00000418       0x80 ./Drivers/STM32F1xx_HAL_Driver/Src/stm32f1xx_hal_dma.o
 .debug_aranges
                0x00000498       0x58 ./Drivers/STM32F1xx_HAL_Driver/Src/stm32f1xx_hal_gpio.o
 .debug_aranges
                0x000004f0       0x90 ./Drivers/STM32F1xx_HAL_Driver/Src/stm32f1xx_hal_rcc.o
 .debug_aranges
                0x00000580      0x1d0 ./Drivers/STM32F1xx_HAL_Driver/Src/stm32f1xx_hal_spi.o
 .debug_aranges
                0x00000750      0x3d0 ./Drivers/STM32F1xx_HAL_Driver/Src/stm32f1xx_hal_tim.o
 .debug_aranges
                0x00000b20      0x168 ./Drivers/STM32F1xx_HAL_Driver/Src/stm32f1xx_hal_tim_ex.o

.debug_rnglists
                0x00000000      0x9ac
 .debug_rnglists
                0x00000000       0x1a ./Core/Src/MAX6675.o
 .debug_rnglists
                0x0000001a       0x57 ./Core/Src/display_74HC595.o
 .debug_rnglists
                0x00000071       0x4e ./Core/Src/main.o
 .debug_rnglists
                0x000000bf       0x2d ./Core/Src/stm32f1xx_hal_msp.o
 .debug_rnglists
                0x000000ec       0x73 ./Core/Src/stm32f1xx_it.o
 .debug_rnglists
                0x0000015f       0x1a ./Core/Src/system_stm32f1xx.o
 .debug_rnglists
                0x00000179       0x19 ./Core/Startup/startup_stm32f103c8tx.o
 .debug_rnglists
                0x00000192       0xa3 ./Drivers/STM32F1xx_HAL_Driver/Src/stm32f1xx_hal.o
 .debug_rnglists
                0x00000235       0xbb ./Drivers/STM32F1xx_HAL_Driver/Src/stm32f1xx_hal_cortex.o
 .debug_rnglists
                0x000002f0       0x64 ./Drivers/STM32F1xx_HAL_Driver/Src/stm32f1xx_hal_dma.o
 .debug_rnglists
                0x00000354       0x3f ./Drivers/STM32F1xx_HAL_Driver/Src/stm32f1xx_hal_gpio.o
 .debug_rnglists
                0x00000393       0x6c ./Drivers/STM32F1xx_HAL_Driver/Src/stm32f1xx_hal_rcc.o
 .debug_rnglists
                0x000003ff      0x16e ./Drivers/STM32F1xx_HAL_Driver/Src/stm32f1xx_hal_spi.o
 .debug_rnglists
                0x0000056d      0x31a ./Drivers/STM32F1xx_HAL_Driver/Src/stm32f1xx_hal_tim.o
 .debug_rnglists
                0x00000887      0x125 ./Drivers/STM32F1xx_HAL_Driver/Src/stm32f1xx_hal_tim_ex.o

.debug_macro    0x00000000    0x1724d
 .debug_macro   0x00000000      0x1ad ./Core/Src/MAX6675.o
 .debug_macro   0x000001ad      0xacc ./Core/Src/MAX6675.o
 .debug_macro   0x00000c79      0x21b ./Core/Src/MAX6675.o
 .debug_macro   0x00000e94       0x2e ./Core/Src/MAX6675.o
 .debug_macro   0x00000ec2       0x22 ./Core/Src/MAX6675.o
 .debug_macro   0x00000ee4       0x22 ./Core/Src/MAX6675.o
 .debug_macro   0x00000f06       0x8e ./Core/Src/MAX6675.o
 .debug_macro   0x00000f94       0x51 ./Core/Src/MAX6675.o
 .debug_macro   0x00000fe5      0x103 ./Core/Src/MAX6675.o
 .debug_macro   0x000010e8       0x6a ./Core/Src/MAX6675.o
 .debug_macro   0x00001152      0x1df ./Core/Src/MAX6675.o
 .debug_macro   0x00001331       0x1c ./Core/Src/MAX6675.o
 .debug_macro   0x0000134d       0x22 ./Core/Src/MAX6675.o
 .debug_macro   0x0000136f       0xbd ./Core/Src/MAX6675.o
 .debug_macro   0x0000142c      0xd23 ./Core/Src/MAX6675.o
 .debug_macro   0x0000214f     0xe09e ./Core/Src/MAX6675.o
 .debug_macro   0x000101ed       0x6d ./Core/Src/MAX6675.o
 .debug_macro   0x0001025a     0x34a2 ./Core/Src/MAX6675.o
 .debug_macro   0x000136fc      0x190 ./Core/Src/MAX6675.o
 .debug_macro   0x0001388c       0x5c ./Core/Src/MAX6675.o
 .debug_macro   0x000138e8      0x5bc ./Core/Src/MAX6675.o
 .debug_macro   0x00013ea4      0x289 ./Core/Src/MAX6675.o
 .debug_macro   0x0001412d      0x1cb ./Core/Src/MAX6675.o
 .debug_macro   0x000142f8      0x114 ./Core/Src/MAX6675.o
 .debug_macro   0x0001440c      0x1b2 ./Core/Src/MAX6675.o
 .debug_macro   0x000145be       0x27 ./Core/Src/MAX6675.o
 .debug_macro   0x000145e5      0x136 ./Core/Src/MAX6675.o
 .debug_macro   0x0001471b      0x1bc ./Core/Src/MAX6675.o
 .debug_macro   0x000148d7       0x34 ./Core/Src/MAX6675.o
 .debug_macro   0x0001490b       0x3c ./Core/Src/MAX6675.o
 .debug_macro   0x00014947       0x57 ./Core/Src/MAX6675.o
 .debug_macro   0x0001499e       0x87 ./Core/Src/MAX6675.o
 .debug_macro   0x00014a25      0x240 ./Core/Src/MAX6675.o
 .debug_macro   0x00014c65      0x140 ./Core/Src/MAX6675.o
 .debug_macro   0x00014da5      0x217 ./Core/Src/MAX6675.o
 .debug_macro   0x00014fbc      0x8ed ./Core/Src/MAX6675.o
 .debug_macro   0x000158a9       0x83 ./Core/Src/MAX6675.o
 .debug_macro   0x0001592c      0x1b2 ./Core/Src/display_74HC595.o
 .debug_macro   0x00015ade       0x82 ./Core/Src/display_74HC595.o
 .debug_macro   0x00015b60      0x234 ./Core/Src/main.o
 .debug_macro   0x00015d94      0x13c ./Core/Src/main.o
 .debug_macro   0x00015ed0       0x22 ./Core/Src/main.o
 .debug_macro   0x00015ef2       0x88 ./Core/Src/main.o
 .debug_macro   0x00015f7a      0x1b2 ./Core/Src/stm32f1xx_hal_msp.o
 .debug_macro   0x0001612c      0x1bc ./Core/Src/stm32f1xx_it.o
 .debug_macro   0x000162e8      0x1a3 ./Core/Src/system_stm32f1xx.o
 .debug_macro   0x0001648b      0x1c7 ./Drivers/STM32F1xx_HAL_Driver/Src/stm32f1xx_hal.o
 .debug_macro   0x00016652      0x1a3 ./Drivers/STM32F1xx_HAL_Driver/Src/stm32f1xx_hal_cortex.o
 .debug_macro   0x000167f5      0x1a3 ./Drivers/STM32F1xx_HAL_Driver/Src/stm32f1xx_hal_dma.o
 .debug_macro   0x00016998      0x20e ./Drivers/STM32F1xx_HAL_Driver/Src/stm32f1xx_hal_gpio.o
 .debug_macro   0x00016ba6      0x1b5 ./Drivers/STM32F1xx_HAL_Driver/Src/stm32f1xx_hal_rcc.o
 .debug_macro   0x00016d5b      0x1ab ./Drivers/STM32F1xx_HAL_Driver/Src/stm32f1xx_hal_spi.o
 .debug_macro   0x00016f06      0x1a4 ./Drivers/STM32F1xx_HAL_Driver/Src/stm32f1xx_hal_tim.o
 .debug_macro   0x000170aa      0x1a3 ./Drivers/STM32F1xx_HAL_Driver/Src/stm32f1xx_hal_tim_ex.o

.debug_line     0x00000000     0xd86f
 .debug_line    0x00000000      0x73e ./Core/Src/MAX6675.o
 .debug_line    0x0000073e      0x89d ./Core/Src/display_74HC595.o
 .debug_line    0x00000fdb      0xbe1 ./Core/Src/main.o
 .debug_line    0x00001bbc      0x7c8 ./Core/Src/stm32f1xx_hal_msp.o
 .debug_line    0x00002384      0x86e ./Core/Src/stm32f1xx_it.o
 .debug_line    0x00002bf2      0x77a ./Core/Src/system_stm32f1xx.o
 .debug_line    0x0000336c       0x78 ./Core/Startup/startup_stm32f103c8tx.o
 .debug_line    0x000033e4      0x9ab ./Drivers/STM32F1xx_HAL_Driver/Src/stm32f1xx_hal.o
 .debug_line    0x00003d8f      0xb75 ./Drivers/STM32F1xx_HAL_Driver/Src/stm32f1xx_hal_cortex.o
 .debug_line    0x00004904      0xdb5 ./Drivers/STM32F1xx_HAL_Driver/Src/stm32f1xx_hal_dma.o
 .debug_line    0x000056b9      0xa08 ./Drivers/STM32F1xx_HAL_Driver/Src/stm32f1xx_hal_gpio.o
 .debug_line    0x000060c1      0xe64 ./Drivers/STM32F1xx_HAL_Driver/Src/stm32f1xx_hal_rcc.o
 .debug_line    0x00006f25     0x1c42 ./Drivers/STM32F1xx_HAL_Driver/Src/stm32f1xx_hal_spi.o
 .debug_line    0x00008b67     0x3499 ./Drivers/STM32F1xx_HAL_Driver/Src/stm32f1xx_hal_tim.o
 .debug_line    0x0000c000     0x186f ./Drivers/STM32F1xx_HAL_Driver/Src/stm32f1xx_hal_tim_ex.o

.debug_str      0x00000000    0x870ad
 .debug_str     0x00000000    0x870ad ./Core/Src/MAX6675.o
                              0x833e9 (size before relaxing)
 .debug_str     0x000870ad    0x8341e ./Core/Src/display_74HC595.o
 .debug_str     0x000870ad    0x84c1c ./Core/Src/main.o
 .debug_str     0x000870ad    0x83fd4 ./Core/Src/stm32f1xx_hal_msp.o
 .debug_str     0x000870ad    0x83d0f ./Core/Src/stm32f1xx_it.o
 .debug_str     0x000870ad    0x82f9a ./Core/Src/system_stm32f1xx.o
 .debug_str     0x000870ad       0x82 ./Core/Startup/startup_stm32f103c8tx.o
 .debug_str     0x000870ad    0x836cd ./Drivers/STM32F1xx_HAL_Driver/Src/stm32f1xx_hal.o
 .debug_str     0x000870ad    0x83619 ./Drivers/STM32F1xx_HAL_Driver/Src/stm32f1xx_hal_cortex.o
 .debug_str     0x000870ad    0x83343 ./Drivers/STM32F1xx_HAL_Driver/Src/stm32f1xx_hal_dma.o
 .debug_str     0x000870ad    0x83320 ./Drivers/STM32F1xx_HAL_Driver/Src/stm32f1xx_hal_gpio.o
 .debug_str     0x000870ad    0x833c9 ./Drivers/STM32F1xx_HAL_Driver/Src/stm32f1xx_hal_rcc.o
 .debug_str     0x000870ad    0x838c0 ./Drivers/STM32F1xx_HAL_Driver/Src/stm32f1xx_hal_spi.o
 .debug_str     0x000870ad    0x843cb ./Drivers/STM32F1xx_HAL_Driver/Src/stm32f1xx_hal_tim.o
 .debug_str     0x000870ad    0x83bd7 ./Drivers/STM32F1xx_HAL_Driver/Src/stm32f1xx_hal_tim_ex.o

.comment        0x00000000       0x43
 .comment       0x00000000       0x43 ./Core/Src/MAX6675.o
                                 0x44 (size before relaxing)
 .comment       0x00000043       0x44 ./Core/Src/display_74HC595.o
 .comment       0x00000043       0x44 ./Core/Src/main.o
 .comment       0x00000043       0x44 ./Core/Src/stm32f1xx_hal_msp.o
 .comment       0x00000043       0x44 ./Core/Src/stm32f1xx_it.o
 .comment       0x00000043       0x44 ./Core/Src/system_stm32f1xx.o
 .comment       0x00000043       0x44 ./Drivers/STM32F1xx_HAL_Driver/Src/stm32f1xx_hal.o
 .comment       0x00000043       0x44 ./Drivers/STM32F1xx_HAL_Driver/Src/stm32f1xx_hal_cortex.o
 .comment       0x00000043       0x44 ./Drivers/STM32F1xx_HAL_Driver/Src/stm32f1xx_hal_dma.o
 .comment       0x00000043       0x44 ./Drivers/STM32F1xx_HAL_Driver/Src/stm32f1xx_hal_gpio.o
 .comment       0x00000043       0x44 ./Drivers/STM32F1xx_HAL_Driver/Src/stm32f1xx_hal_rcc.o
 .comment       0x00000043       0x44 ./Drivers/STM32F1xx_HAL_Driver/Src/stm32f1xx_hal_spi.o
 .comment       0x00000043       0x44 ./Drivers/STM32F1xx_HAL_Driver/Src/stm32f1xx_hal_tim.o
 .comment       0x00000043       0x44 ./Drivers/STM32F1xx_HAL_Driver/Src/stm32f1xx_hal_tim_ex.o

.debug_frame    0x00000000     0x3650
 .debug_frame   0x00000000       0x58 ./Core/Src/MAX6675.o
 .debug_frame   0x00000058      0x1dc ./Core/Src/display_74HC595.o
 .debug_frame   0x00000234      0x15c ./Core/Src/main.o
 .debug_frame   0x00000390       0xc8 ./Core/Src/stm32f1xx_hal_msp.o
 .debug_frame   0x00000458      0x1e4 ./Core/Src/stm32f1xx_it.o
 .debug_frame   0x0000063c       0x58 ./Core/Src/system_stm32f1xx.o
 .debug_frame   0x00000694      0x334 ./Drivers/STM32F1xx_HAL_Driver/Src/stm32f1xx_hal.o
 .debug_frame   0x000009c8      0x428 ./Drivers/STM32F1xx_HAL_Driver/Src/stm32f1xx_hal_cortex.o
 .debug_frame   0x00000df0      0x208 ./Drivers/STM32F1xx_HAL_Driver/Src/stm32f1xx_hal_dma.o
 .debug_frame   0x00000ff8      0x14c ./Drivers/STM32F1xx_HAL_Driver/Src/stm32f1xx_hal_gpio.o
 .debug_frame   0x00001144      0x218 ./Drivers/STM32F1xx_HAL_Driver/Src/stm32f1xx_hal_rcc.o
 .debug_frame   0x0000135c      0x824 ./Drivers/STM32F1xx_HAL_Driver/Src/stm32f1xx_hal_spi.o
 .debug_frame   0x00001b80     0x11b8 ./Drivers/STM32F1xx_HAL_Driver/Src/stm32f1xx_hal_tim.o
 .debug_frame   0x00002d38      0x638 ./Drivers/STM32F1xx_HAL_Driver/Src/stm32f1xx_hal_tim_ex.o
 .debug_frame   0x00003370       0x20 C:/ST/STM32CubeIDE_1.14.1/STM32CubeIDE/plugins/com.st.stm32cube.ide.mcu.externaltools.gnu-tools-for-stm32.13.3.rel1.win32_1.0.0.202411081344/tools/bin/../lib/gcc/arm-none-eabi/13.3.1/../../../../arm-none-eabi/lib/thumb/v7-m/nofp\libc_nano.a(libc_a-memset.o)
 .debug_frame   0x00003390       0x2c C:/ST/STM32CubeIDE_1.14.1/STM32CubeIDE/plugins/com.st.stm32cube.ide.mcu.externaltools.gnu-tools-for-stm32.13.3.rel1.win32_1.0.0.202411081344/tools/bin/../lib/gcc/arm-none-eabi/13.3.1/../../../../arm-none-eabi/lib/thumb/v7-m/nofp\libc_nano.a(libc_a-init.o)
 .debug_frame   0x000033bc       0x30 C:/ST/STM32CubeIDE_1.14.1/STM32CubeIDE/plugins/com.st.stm32cube.ide.mcu.externaltools.gnu-tools-for-stm32.13.3.rel1.win32_1.0.0.202411081344/tools/bin/../lib/gcc/arm-none-eabi/13.3.1/thumb/v7-m/nofp\libgcc.a(_arm_muldf3.o)
 .debug_frame   0x000033ec       0xac C:/ST/STM32CubeIDE_1.14.1/STM32CubeIDE/plugins/com.st.stm32cube.ide.mcu.externaltools.gnu-tools-for-stm32.13.3.rel1.win32_1.0.0.202411081344/tools/bin/../lib/gcc/arm-none-eabi/13.3.1/thumb/v7-m/nofp\libgcc.a(_arm_addsubdf3.o)
 .debug_frame   0x00003498       0x24 C:/ST/STM32CubeIDE_1.14.1/STM32CubeIDE/plugins/com.st.stm32cube.ide.mcu.externaltools.gnu-tools-for-stm32.13.3.rel1.win32_1.0.0.202411081344/tools/bin/../lib/gcc/arm-none-eabi/13.3.1/thumb/v7-m/nofp\libgcc.a(_arm_truncdfsf2.o)
 .debug_frame   0x000034bc       0x4c C:/ST/STM32CubeIDE_1.14.1/STM32CubeIDE/plugins/com.st.stm32cube.ide.mcu.externaltools.gnu-tools-for-stm32.13.3.rel1.win32_1.0.0.202411081344/tools/bin/../lib/gcc/arm-none-eabi/13.3.1/thumb/v7-m/nofp\libgcc.a(_arm_addsubsf3.o)
 .debug_frame   0x00003508       0x38 C:/ST/STM32CubeIDE_1.14.1/STM32CubeIDE/plugins/com.st.stm32cube.ide.mcu.externaltools.gnu-tools-for-stm32.13.3.rel1.win32_1.0.0.202411081344/tools/bin/../lib/gcc/arm-none-eabi/13.3.1/thumb/v7-m/nofp\libgcc.a(_arm_muldivsf3.o)
 .debug_frame   0x00003540       0xc8 C:/ST/STM32CubeIDE_1.14.1/STM32CubeIDE/plugins/com.st.stm32cube.ide.mcu.externaltools.gnu-tools-for-stm32.13.3.rel1.win32_1.0.0.202411081344/tools/bin/../lib/gcc/arm-none-eabi/13.3.1/thumb/v7-m/nofp\libgcc.a(_arm_cmpsf2.o)
 .debug_frame   0x00003608       0x24 C:/ST/STM32CubeIDE_1.14.1/STM32CubeIDE/plugins/com.st.stm32cube.ide.mcu.externaltools.gnu-tools-for-stm32.13.3.rel1.win32_1.0.0.202411081344/tools/bin/../lib/gcc/arm-none-eabi/13.3.1/thumb/v7-m/nofp\libgcc.a(_arm_fixsfsi.o)
 .debug_frame   0x0000362c       0x24 C:/ST/STM32CubeIDE_1.14.1/STM32CubeIDE/plugins/com.st.stm32cube.ide.mcu.externaltools.gnu-tools-for-stm32.13.3.rel1.win32_1.0.0.202411081344/tools/bin/../lib/gcc/arm-none-eabi/13.3.1/thumb/v7-m/nofp\libgcc.a(_arm_fixunssfsi.o)

.debug_line_str
                0x00000000       0x66
 .debug_line_str
                0x00000000       0x66 ./Core/Startup/startup_stm32f103c8tx.o
